// Jest Snapshot v1, https://goo.gl/fbAQLP

exports[`Item matches snapshot 1`] = `
.emotion-0 {
  border: none;
  color: #ddd;
  cursor: default;
  font-size: 4rem;
  outline: none;
  padding: 1rem 0;
  pointer-events: none;
  -webkit-transition: all 0.2s cubic-bezier(0.645,0.045,0.355,1) 0s;
  transition: all 0.2s cubic-bezier(0.645,0.045,0.355,1) 0s;
  width: 100vw;
}

.emotion-0:hover {
  color: #ddd;
  background-color: #fff;
}

<li
  data-testid="list-item"
>
  <button
    class="emotion-0 emotion-1"
    data-testid="button"
    disabled=""
    type="button"
  >
    item-1
  </button>
</li>
`;
